// Jest Snapshot v1, https://goo.gl/fbAQLP

exports[`This is a test 1`] = `
<div
  className="addition-container"
>
  <h2>
    Addition
  </h2>
  <h2>
    0
  </h2>
  <h2>
    +
  </h2>
  <h2>
    0
  </h2>
  <h2>
    =
  </h2>
  <h2>
    0
  </h2>
</div>
`;
